[+] Pushing sample_cpu.sh into blueos-core...
[+] Results dir: results/decoupler_matrix/phase1_20260520T162400
[+] [appsink/idle/rep1] restart MCM env="MCM_UDP_DECOUPLER=appsink MCM_ALLOW_UDP_RTSP_CONCURRENT=1 MCM_DISABLE_MCAP=1 MCM_WEBRTC_PORT_MIN=50176 MCM_WEBRTC_PORT_MAX=50303"
[+] cam1 -> /dev/video4 (rtsp + udp + webrtc)
[+] producer_id=867b5f49-b1f3-5e81-ba98-85b6dc42286d
[+] [appsink/idle/rep1] done -> results/decoupler_matrix/phase1_20260520T162400/appsink_idle_1
[+] [appsink/idle/rep2] restart MCM env="MCM_UDP_DECOUPLER=appsink MCM_ALLOW_UDP_RTSP_CONCURRENT=1 MCM_DISABLE_MCAP=1 MCM_WEBRTC_PORT_MIN=50176 MCM_WEBRTC_PORT_MAX=50303"
[+] cam1 -> /dev/video4 (rtsp + udp + webrtc)
[+] producer_id=867b5f49-b1f3-5e81-ba98-85b6dc42286d
[+] [appsink/idle/rep2] done -> results/decoupler_matrix/phase1_20260520T162400/appsink_idle_2
[+] [appsink/idle/rep3] restart MCM env="MCM_UDP_DECOUPLER=appsink MCM_ALLOW_UDP_RTSP_CONCURRENT=1 MCM_DISABLE_MCAP=1 MCM_WEBRTC_PORT_MIN=50176 MCM_WEBRTC_PORT_MAX=50303"
[+] cam1 -> /dev/video4 (rtsp + udp + webrtc)
[+] producer_id=867b5f49-b1f3-5e81-ba98-85b6dc42286d
[+] [appsink/idle/rep3] done -> results/decoupler_matrix/phase1_20260520T162400/appsink_idle_3
[+] [appsink/impair_mild/rep1] restart MCM env="MCM_UDP_DECOUPLER=appsink MCM_ALLOW_UDP_RTSP_CONCURRENT=1 MCM_DISABLE_MCAP=1 MCM_WEBRTC_PORT_MIN=50176 MCM_WEBRTC_PORT_MAX=50303"
[+] cam1 -> /dev/video4 (rtsp + udp + webrtc)
[+] producer_id=867b5f49-b1f3-5e81-ba98-85b6dc42286d
[+] [appsink/impair_mild/rep1] done -> results/decoupler_matrix/phase1_20260520T162400/appsink_impair_mild_1
[+] [appsink/impair_mild/rep2] restart MCM env="MCM_UDP_DECOUPLER=appsink MCM_ALLOW_UDP_RTSP_CONCURRENT=1 MCM_DISABLE_MCAP=1 MCM_WEBRTC_PORT_MIN=50176 MCM_WEBRTC_PORT_MAX=50303"
[+] cam1 -> /dev/video4 (rtsp + udp + webrtc)
[+] producer_id=867b5f49-b1f3-5e81-ba98-85b6dc42286d
[+] [appsink/impair_mild/rep2] done -> results/decoupler_matrix/phase1_20260520T162400/appsink_impair_mild_2
[+] [appsink/impair_mild/rep3] restart MCM env="MCM_UDP_DECOUPLER=appsink MCM_ALLOW_UDP_RTSP_CONCURRENT=1 MCM_DISABLE_MCAP=1 MCM_WEBRTC_PORT_MIN=50176 MCM_WEBRTC_PORT_MAX=50303"
[+] cam1 -> /dev/video4 (rtsp + udp + webrtc)
[+] producer_id=867b5f49-b1f3-5e81-ba98-85b6dc42286d
[+] [appsink/impair_mild/rep3] done -> results/decoupler_matrix/phase1_20260520T162400/appsink_impair_mild_3
[+] [appsink/impair_aggressive/rep1] restart MCM env="MCM_UDP_DECOUPLER=appsink MCM_ALLOW_UDP_RTSP_CONCURRENT=1 MCM_DISABLE_MCAP=1 MCM_WEBRTC_PORT_MIN=50176 MCM_WEBRTC_PORT_MAX=50303"
[+] cam1 -> /dev/video4 (rtsp + udp + webrtc)
[+] producer_id=867b5f49-b1f3-5e81-ba98-85b6dc42286d
[+] [appsink/impair_aggressive/rep1] done -> results/decoupler_matrix/phase1_20260520T162400/appsink_impair_aggressive_1
[+] [appsink/impair_aggressive/rep2] restart MCM env="MCM_UDP_DECOUPLER=appsink MCM_ALLOW_UDP_RTSP_CONCURRENT=1 MCM_DISABLE_MCAP=1 MCM_WEBRTC_PORT_MIN=50176 MCM_WEBRTC_PORT_MAX=50303"
[+] cam1 -> /dev/video4 (rtsp + udp + webrtc)
[+] producer_id=867b5f49-b1f3-5e81-ba98-85b6dc42286d
[+] [appsink/impair_aggressive/rep2] done -> results/decoupler_matrix/phase1_20260520T162400/appsink_impair_aggressive_2
[+] [appsink/impair_aggressive/rep3] restart MCM env="MCM_UDP_DECOUPLER=appsink MCM_ALLOW_UDP_RTSP_CONCURRENT=1 MCM_DISABLE_MCAP=1 MCM_WEBRTC_PORT_MIN=50176 MCM_WEBRTC_PORT_MAX=50303"
[+] cam1 -> /dev/video4 (rtsp + udp + webrtc)
[+] producer_id=867b5f49-b1f3-5e81-ba98-85b6dc42286d
[+] [appsink/impair_aggressive/rep3] done -> results/decoupler_matrix/phase1_20260520T162400/appsink_impair_aggressive_3
[+] [b1/idle/rep1] restart MCM env="MCM_UDP_DECOUPLER=b1 MCM_ALLOW_UDP_RTSP_CONCURRENT=1 MCM_DISABLE_MCAP=1 MCM_WEBRTC_PORT_MIN=50176 MCM_WEBRTC_PORT_MAX=50303"
[+] cam1 -> /dev/video4 (rtsp + udp + webrtc)
[+] producer_id=867b5f49-b1f3-5e81-ba98-85b6dc42286d
[+] [b1/idle/rep1] done -> results/decoupler_matrix/phase1_20260520T162400/b1_idle_1
[+] [b1/idle/rep2] restart MCM env="MCM_UDP_DECOUPLER=b1 MCM_ALLOW_UDP_RTSP_CONCURRENT=1 MCM_DISABLE_MCAP=1 MCM_WEBRTC_PORT_MIN=50176 MCM_WEBRTC_PORT_MAX=50303"
[+] cam1 -> /dev/video4 (rtsp + udp + webrtc)
[+] producer_id=867b5f49-b1f3-5e81-ba98-85b6dc42286d
[+] [b1/idle/rep2] done -> results/decoupler_matrix/phase1_20260520T162400/b1_idle_2
[+] [b1/idle/rep3] restart MCM env="MCM_UDP_DECOUPLER=b1 MCM_ALLOW_UDP_RTSP_CONCURRENT=1 MCM_DISABLE_MCAP=1 MCM_WEBRTC_PORT_MIN=50176 MCM_WEBRTC_PORT_MAX=50303"
[+] cam1 -> /dev/video4 (rtsp + udp + webrtc)
[+] producer_id=867b5f49-b1f3-5e81-ba98-85b6dc42286d
[+] [b1/idle/rep3] done -> results/decoupler_matrix/phase1_20260520T162400/b1_idle_3
[+] [b1/impair_mild/rep1] restart MCM env="MCM_UDP_DECOUPLER=b1 MCM_ALLOW_UDP_RTSP_CONCURRENT=1 MCM_DISABLE_MCAP=1 MCM_WEBRTC_PORT_MIN=50176 MCM_WEBRTC_PORT_MAX=50303"
[+] cam1 -> /dev/video4 (rtsp + udp + webrtc)
[+] producer_id=867b5f49-b1f3-5e81-ba98-85b6dc42286d
[+] [b1/impair_mild/rep1] done -> results/decoupler_matrix/phase1_20260520T162400/b1_impair_mild_1
[+] [b1/impair_mild/rep2] restart MCM env="MCM_UDP_DECOUPLER=b1 MCM_ALLOW_UDP_RTSP_CONCURRENT=1 MCM_DISABLE_MCAP=1 MCM_WEBRTC_PORT_MIN=50176 MCM_WEBRTC_PORT_MAX=50303"
[+] cam1 -> /dev/video4 (rtsp + udp + webrtc)
[+] producer_id=867b5f49-b1f3-5e81-ba98-85b6dc42286d
[+] [b1/impair_mild/rep2] done -> results/decoupler_matrix/phase1_20260520T162400/b1_impair_mild_2
[+] [b1/impair_mild/rep3] restart MCM env="MCM_UDP_DECOUPLER=b1 MCM_ALLOW_UDP_RTSP_CONCURRENT=1 MCM_DISABLE_MCAP=1 MCM_WEBRTC_PORT_MIN=50176 MCM_WEBRTC_PORT_MAX=50303"
[+] cam1 -> /dev/video4 (rtsp + udp + webrtc)
[+] producer_id=867b5f49-b1f3-5e81-ba98-85b6dc42286d
[+] [b1/impair_mild/rep3] done -> results/decoupler_matrix/phase1_20260520T162400/b1_impair_mild_3
[+] [b1/impair_aggressive/rep1] restart MCM env="MCM_UDP_DECOUPLER=b1 MCM_ALLOW_UDP_RTSP_CONCURRENT=1 MCM_DISABLE_MCAP=1 MCM_WEBRTC_PORT_MIN=50176 MCM_WEBRTC_PORT_MAX=50303"
[+] cam1 -> /dev/video4 (rtsp + udp + webrtc)
[+] producer_id=867b5f49-b1f3-5e81-ba98-85b6dc42286d
[+] [b1/impair_aggressive/rep1] done -> results/decoupler_matrix/phase1_20260520T162400/b1_impair_aggressive_1
[+] [b1/impair_aggressive/rep2] restart MCM env="MCM_UDP_DECOUPLER=b1 MCM_ALLOW_UDP_RTSP_CONCURRENT=1 MCM_DISABLE_MCAP=1 MCM_WEBRTC_PORT_MIN=50176 MCM_WEBRTC_PORT_MAX=50303"
[+] cam1 -> /dev/video4 (rtsp + udp + webrtc)
[+] producer_id=867b5f49-b1f3-5e81-ba98-85b6dc42286d
[+] [b1/impair_aggressive/rep2] done -> results/decoupler_matrix/phase1_20260520T162400/b1_impair_aggressive_2
[+] [b1/impair_aggressive/rep3] restart MCM env="MCM_UDP_DECOUPLER=b1 MCM_ALLOW_UDP_RTSP_CONCURRENT=1 MCM_DISABLE_MCAP=1 MCM_WEBRTC_PORT_MIN=50176 MCM_WEBRTC_PORT_MAX=50303"
[+] cam1 -> /dev/video4 (rtsp + udp + webrtc)
[+] producer_id=867b5f49-b1f3-5e81-ba98-85b6dc42286d
[+] [b1/impair_aggressive/rep3] done -> results/decoupler_matrix/phase1_20260520T162400/b1_impair_aggressive_3
[+] [proxy/idle/rep1] restart MCM env="MCM_UDP_DECOUPLER=proxy MCM_ALLOW_UDP_RTSP_CONCURRENT=1 MCM_DISABLE_MCAP=1 MCM_WEBRTC_PORT_MIN=50176 MCM_WEBRTC_PORT_MAX=50303"
[+] cam1 -> /dev/video4 (rtsp + udp + webrtc)
[+] producer_id=867b5f49-b1f3-5e81-ba98-85b6dc42286d
[+] [proxy/idle/rep1] done -> results/decoupler_matrix/phase1_20260520T162400/proxy_idle_1
[+] [proxy/idle/rep2] restart MCM env="MCM_UDP_DECOUPLER=proxy MCM_ALLOW_UDP_RTSP_CONCURRENT=1 MCM_DISABLE_MCAP=1 MCM_WEBRTC_PORT_MIN=50176 MCM_WEBRTC_PORT_MAX=50303"
[+] cam1 -> /dev/video4 (rtsp + udp + webrtc)
[+] producer_id=867b5f49-b1f3-5e81-ba98-85b6dc42286d
[+] [proxy/idle/rep2] done -> results/decoupler_matrix/phase1_20260520T162400/proxy_idle_2
[+] [proxy/idle/rep3] restart MCM env="MCM_UDP_DECOUPLER=proxy MCM_ALLOW_UDP_RTSP_CONCURRENT=1 MCM_DISABLE_MCAP=1 MCM_WEBRTC_PORT_MIN=50176 MCM_WEBRTC_PORT_MAX=50303"
[+] cam1 -> /dev/video4 (rtsp + udp + webrtc)
[+] producer_id=867b5f49-b1f3-5e81-ba98-85b6dc42286d
[+] [proxy/idle/rep3] done -> results/decoupler_matrix/phase1_20260520T162400/proxy_idle_3
[+] [proxy/impair_mild/rep1] restart MCM env="MCM_UDP_DECOUPLER=proxy MCM_ALLOW_UDP_RTSP_CONCURRENT=1 MCM_DISABLE_MCAP=1 MCM_WEBRTC_PORT_MIN=50176 MCM_WEBRTC_PORT_MAX=50303"
[+] cam1 -> /dev/video4 (rtsp + udp + webrtc)
[+] producer_id=867b5f49-b1f3-5e81-ba98-85b6dc42286d
[+] [proxy/impair_mild/rep1] done -> results/decoupler_matrix/phase1_20260520T162400/proxy_impair_mild_1
[+] [proxy/impair_mild/rep2] restart MCM env="MCM_UDP_DECOUPLER=proxy MCM_ALLOW_UDP_RTSP_CONCURRENT=1 MCM_DISABLE_MCAP=1 MCM_WEBRTC_PORT_MIN=50176 MCM_WEBRTC_PORT_MAX=50303"
[+] cam1 -> /dev/video4 (rtsp + udp + webrtc)
[+] producer_id=867b5f49-b1f3-5e81-ba98-85b6dc42286d
[+] [proxy/impair_mild/rep2] done -> results/decoupler_matrix/phase1_20260520T162400/proxy_impair_mild_2
[+] [proxy/impair_mild/rep3] restart MCM env="MCM_UDP_DECOUPLER=proxy MCM_ALLOW_UDP_RTSP_CONCURRENT=1 MCM_DISABLE_MCAP=1 MCM_WEBRTC_PORT_MIN=50176 MCM_WEBRTC_PORT_MAX=50303"
[+] cam1 -> /dev/video4 (rtsp + udp + webrtc)
[+] producer_id=867b5f49-b1f3-5e81-ba98-85b6dc42286d
[+] [proxy/impair_mild/rep3] done -> results/decoupler_matrix/phase1_20260520T162400/proxy_impair_mild_3
[+] [proxy/impair_aggressive/rep1] restart MCM env="MCM_UDP_DECOUPLER=proxy MCM_ALLOW_UDP_RTSP_CONCURRENT=1 MCM_DISABLE_MCAP=1 MCM_WEBRTC_PORT_MIN=50176 MCM_WEBRTC_PORT_MAX=50303"
[+] cam1 -> /dev/video4 (rtsp + udp + webrtc)
[+] producer_id=867b5f49-b1f3-5e81-ba98-85b6dc42286d
[+] [proxy/impair_aggressive/rep1] done -> results/decoupler_matrix/phase1_20260520T162400/proxy_impair_aggressive_1
[+] [proxy/impair_aggressive/rep2] restart MCM env="MCM_UDP_DECOUPLER=proxy MCM_ALLOW_UDP_RTSP_CONCURRENT=1 MCM_DISABLE_MCAP=1 MCM_WEBRTC_PORT_MIN=50176 MCM_WEBRTC_PORT_MAX=50303"
[+] cam1 -> /dev/video4 (rtsp + udp + webrtc)
[+] producer_id=867b5f49-b1f3-5e81-ba98-85b6dc42286d
[+] [proxy/impair_aggressive/rep2] done -> results/decoupler_matrix/phase1_20260520T162400/proxy_impair_aggressive_2
[+] [proxy/impair_aggressive/rep3] restart MCM env="MCM_UDP_DECOUPLER=proxy MCM_ALLOW_UDP_RTSP_CONCURRENT=1 MCM_DISABLE_MCAP=1 MCM_WEBRTC_PORT_MIN=50176 MCM_WEBRTC_PORT_MAX=50303"
[+] cam1 -> /dev/video4 (rtsp + udp + webrtc)
[+] producer_id=867b5f49-b1f3-5e81-ba98-85b6dc42286d
[+] [proxy/impair_aggressive/rep3] done -> results/decoupler_matrix/phase1_20260520T162400/proxy_impair_aggressive_3

[+] Matrix complete. Analyse with:
      tools/onvehicle/analyze_decoupler.py results/decoupler_matrix/phase1_20260520T162400
